gate-antislop pattern sweep (checks 1-11, rerunOnly) — 2026-09-07T10:30:15Z

check1 gradient combos: 0 tsx hits; 1 css linear-gradient at app/globals.css:318 (hazard stripe, not purple/blue)
  /* hardmode world edge — parametric hazard stripe (SYSTEM §shape: period 44px,
     band 22px, −45°). 28px tall so the 44px period actually reads (judge r1 d5);
     --hazard-offset clears the glass header on page-top heroes. */
  .hazard-edge::before {
    content: "";
    display: block;
    height: 28px;
    margin-top: var(--hazard-offset, 0px);
    background: repeating-linear-gradient(
      -45deg,
      var(--world-hm) 0 22px,
      var(--w2-ground) 22px 44px
    );
  }

  /* Framed Data dressing for stat rows (judge r1 d8) — rule & bracket motif */

check3 emoji sweep hit: components/wire/wire-pause.tsx:28 — aria-hidden glyphs ▶ / ❚❚ (U+25B6, U+2758) used as pause/resume icon, not from icon library; no DIRECTION.md citation found

check10 motion-on-everything: home page section census (SITEMAP.md 7 sections)
  hero: no entrance reveal (static, LCP) — scroll-hint has ambient infinite loop (out of check-10 scope)
  wire: no entrance reveal (loading-state animate-pulse only)
  world-01/02/03/00 (world-chapter.tsx, Reveal x4 via chapters.map): entrance reveal present
  operator.tsx (Reveal x3 wraps): entrance reveal present
  => 5/7 sections (71.4%) carry entrance animation, exceeds <=60% cap
  case-study pages /work/ultraweb, /work/hardmode, legal pages: 0 Reveal usage — well under cap
